Archive member included to satisfy reference by file (symbol)

C:/ST/STM32CubeIDE_1.18.1/STM32CubeIDE/plugins/com.st.stm32cube.ide.mcu.externaltools.gnu-tools-for-stm32.13.3.rel1.win32_1.0.0.202411081344/tools/bin/../lib/gcc/arm-none-eabi/13.3.1/../../../../arm-none-eabi/lib/thumb/v7e-m/nofp\libc_nano.a(libc_a-exit.o)
                              C:/ST/STM32CubeIDE_1.18.1/STM32CubeIDE/plugins/com.st.stm32cube.ide.mcu.externaltools.gnu-tools-for-stm32.13.3.rel1.win32_1.0.0.202411081344/tools/bin/../lib/gcc/arm-none-eabi/13.3.1/../../../../arm-none-eabi/lib/thumb/v7e-m/nofp/crt0.o (exit)
C:/ST/STM32CubeIDE_1.18.1/STM32CubeIDE/plugins/com.st.stm32cube.ide.mcu.externaltools.gnu-tools-for-stm32.13.3.rel1.win32_1.0.0.202411081344/tools/bin/../lib/gcc/arm-none-eabi/13.3.1/../../../../arm-none-eabi/lib/thumb/v7e-m/nofp\libc_nano.a(libc_a-findfp.o)
                              C:/ST/STM32CubeIDE_1.18.1/STM32CubeIDE/plugins/com.st.stm32cube.ide.mcu.externaltools.gnu-tools-for-stm32.13.3.rel1.win32_1.0.0.202411081344/tools/bin/../lib/gcc/arm-none-eabi/13.3.1/../../../../arm-none-eabi/lib/thumb/v7e-m/nofp\libc_nano.a(libc_a-exit.o) (__stdio_exit_handler)
C:/ST/STM32CubeIDE_1.18.1/STM32CubeIDE/plugins/com.st.stm32cube.ide.mcu.externaltools.gnu-tools-for-stm32.13.3.rel1.win32_1.0.0.202411081344/tools/bin/../lib/gcc/arm-none-eabi/13.3.1/../../../../arm-none-eabi/lib/thumb/v7e-m/nofp\libc_nano.a(libc_a-fwalk.o)
                              C:/ST/STM32CubeIDE_1.18.1/STM32CubeIDE/plugins/com.st.stm32cube.ide.mcu.externaltools.gnu-tools-for-stm32.13.3.rel1.win32_1.0.0.202411081344/tools/bin/../lib/gcc/arm-none-eabi/13.3.1/../../../../arm-none-eabi/lib/thumb/v7e-m/nofp\libc_nano.a(libc_a-findfp.o) (_fwalk_sglue)
C:/ST/STM32CubeIDE_1.18.1/STM32CubeIDE/plugins/com.st.stm32cube.ide.mcu.externaltools.gnu-tools-for-stm32.13.3.rel1.win32_1.0.0.202411081344/tools/bin/../lib/gcc/arm-none-eabi/13.3.1/../../../../arm-none-eabi/lib/thumb/v7e-m/nofp\libc_nano.a(libc_a-stdio.o)
                              C:/ST/STM32CubeIDE_1.18.1/STM32CubeIDE/plugins/com.st.stm32cube.ide.mcu.externaltools.gnu-tools-for-stm32.13.3.rel1.win32_1.0.0.202411081344/tools/bin/../lib/gcc/arm-none-eabi/13.3.1/../../../../arm-none-eabi/lib/thumb/v7e-m/nofp\libc_nano.a(libc_a-findfp.o) (__sread)
C:/ST/STM32CubeIDE_1.18.1/STM32CubeIDE/plugins/com.st.stm32cube.ide.mcu.externaltools.gnu-tools-for-stm32.13.3.rel1.win32_1.0.0.202411081344/tools/bin/../lib/gcc/arm-none-eabi/13.3.1/../../../../arm-none-eabi/lib/thumb/v7e-m/nofp\libc_nano.a(libc_a-memset.o)
                              C:/ST/STM32CubeIDE_1.18.1/STM32CubeIDE/plugins/com.st.stm32cube.ide.mcu.externaltools.gnu-tools-for-stm32.13.3.rel1.win32_1.0.0.202411081344/tools/bin/../lib/gcc/arm-none-eabi/13.3.1/../../../../arm-none-eabi/lib/thumb/v7e-m/nofp/crt0.o (memset)
C:/ST/STM32CubeIDE_1.18.1/STM32CubeIDE/plugins/com.st.stm32cube.ide.mcu.externaltools.gnu-tools-for-stm32.13.3.rel1.win32_1.0.0.202411081344/tools/bin/../lib/gcc/arm-none-eabi/13.3.1/../../../../arm-none-eabi/lib/thumb/v7e-m/nofp\libc_nano.a(libc_a-closer.o)
                              C:/ST/STM32CubeIDE_1.18.1/STM32CubeIDE/plugins/com.st.stm32cube.ide.mcu.externaltools.gnu-tools-for-stm32.13.3.rel1.win32_1.0.0.202411081344/tools/bin/../lib/gcc/arm-none-eabi/13.3.1/../../../../arm-none-eabi/lib/thumb/v7e-m/nofp\libc_nano.a(libc_a-stdio.o) (_close_r)
C:/ST/STM32CubeIDE_1.18.1/STM32CubeIDE/plugins/com.st.stm32cube.ide.mcu.externaltools.gnu-tools-for-stm32.13.3.rel1.win32_1.0.0.202411081344/tools/bin/../lib/gcc/arm-none-eabi/13.3.1/../../../../arm-none-eabi/lib/thumb/v7e-m/nofp\libc_nano.a(libc_a-reent.o)
                              C:/ST/STM32CubeIDE_1.18.1/STM32CubeIDE/plugins/com.st.stm32cube.ide.mcu.externaltools.gnu-tools-for-stm32.13.3.rel1.win32_1.0.0.202411081344/tools/bin/../lib/gcc/arm-none-eabi/13.3.1/../../../../arm-none-eabi/lib/thumb/v7e-m/nofp\libc_nano.a(libc_a-closer.o) (errno)
C:/ST/STM32CubeIDE_1.18.1/STM32CubeIDE/plugins/com.st.stm32cube.ide.mcu.externaltools.gnu-tools-for-stm32.13.3.rel1.win32_1.0.0.202411081344/tools/bin/../lib/gcc/arm-none-eabi/13.3.1/../../../../arm-none-eabi/lib/thumb/v7e-m/nofp\libc_nano.a(libc_a-impure.o)
                              C:/ST/STM32CubeIDE_1.18.1/STM32CubeIDE/plugins/com.st.stm32cube.ide.mcu.externaltools.gnu-tools-for-stm32.13.3.rel1.win32_1.0.0.202411081344/tools/bin/../lib/gcc/arm-none-eabi/13.3.1/../../../../arm-none-eabi/lib/thumb/v7e-m/nofp\libc_nano.a(libc_a-reent.o) (_impure_ptr)
C:/ST/STM32CubeIDE_1.18.1/STM32CubeIDE/plugins/com.st.stm32cube.ide.mcu.externaltools.gnu-tools-for-stm32.13.3.rel1.win32_1.0.0.202411081344/tools/bin/../lib/gcc/arm-none-eabi/13.3.1/../../../../arm-none-eabi/lib/thumb/v7e-m/nofp\libc_nano.a(libc_a-lseekr.o)
[...]
Memory Configuration

Name             Origin             Length             Attributes
RAM              0x20000000         0x00018000         xrw
FLASH            0x08000000         0x00080000         xr
*default*        0x00000000         0xffffffff

Linker script and memory map

LOAD C:/ST/STM32CubeIDE_1.18.1/STM32CubeIDE/plugins/com.st.stm32cube.ide.mcu.externaltools.gnu-tools-for-stm32.13.3.rel1.win32_1.0.0.202411081344/tools/bin/../lib/gcc/arm-none-eabi/13.3.1/thumb/v7e-m/nofp/crti.o
LOAD C:/ST/STM32CubeIDE_1.18.1/STM32CubeIDE/plugins/com.st.stm32cube.ide.mcu.externaltools.gnu-tools-for-stm32.13.3.rel1.win32_1.0.0.202411081344/tools/bin/../lib/gcc/arm-none-eabi/13.3.1/thumb/v7e-m/nofp/crtbegin.o
LOAD C:/ST/STM32CubeIDE_1.18.1/STM32CubeIDE/plugins/com.st.stm32cube.ide.mcu.externaltools.gnu-tools-for-stm32.13.3.rel1.win32_1.0.0.202411081344/tools/bin/../lib/gcc/arm-none-eabi/13.3.1/../../../../arm-none-eabi/lib/thumb/v7e-m/nofp/crt0.o
LOAD ./Drivers/Src/GPIO_toggle.o
LOAD ./Drivers/Src/stm32f401xx_gpio_driver.o
LOAD ./Drivers/Src/stm32f401xx_spi_driver.o
LOAD ./Src/Gpioint.o
LOAD ./Src/main.o
LOAD ./Src/syscalls.o
LOAD ./Src/sysmem.o
LOAD ./Startup/startup_stm32f401retx.o
START GROUP
LOAD C:/ST/STM32CubeIDE_1.18.1/STM32CubeIDE/plugins/com.st.stm32cube.ide.mcu.externaltools.gnu-tools-for-stm32.13.3.rel1.win32_1.0.0.202411081344/tools/bin/../lib/gcc/arm-none-eabi/13.3.1/../../../../arm-none-eabi/lib/thumb/v7e-m/nofp\libc_nano.a
LOAD C:/ST/STM32CubeIDE_1.18.1/STM32CubeIDE/plugins/com.st.stm32cube.ide.mcu.externaltools.gnu-tools-for-stm32.13.3.rel1.win32_1.0.0.202411081344/tools/bin/../lib/gcc/arm-none-eabi/13.3.1/../../../../arm-none-eabi/lib/thumb/v7e-m/nofp\libm.a
END GROUP
START GROUP
LOAD C:/ST/STM32CubeIDE_1.18.1/STM32CubeIDE/plugins/com.st.stm32cube.ide.mcu.externaltools.gnu-tools-for-stm32.13.3.rel1.win32_1.0.0.202411081344/tools/bin/../lib/gcc/arm-none-eabi/13.3.1/thumb/v7e-m/nofp\libgcc.a
LOAD C:/ST/STM32CubeIDE_1.18.1/STM32CubeIDE/plugins/com.st.stm32cube.ide.mcu.externaltools.gnu-tools-for-stm32.13.3.rel1.win32_1.0.0.202411081344/tools/bin/../lib/gcc/arm-none-eabi/13.3.1/../../../../arm-none-eabi/lib/thumb/v7e-m/nofp\libc_nano.a
END GROUP
START GROUP
LOAD C:/ST/STM32CubeIDE_1.18.1/STM32CubeIDE/plugins/com.st.stm32cube.ide.mcu.externaltools.gnu-tools-for-stm32.13.3.rel1.win32_1.0.0.202411081344/tools/bin/../lib/gcc/arm-none-eabi/13.3.1/thumb/v7e-m/nofp\libgcc.a
LOAD C:/ST/STM32CubeIDE_1.18.1/STM32CubeIDE/plugins/com.st.stm32cube.ide.mcu.externaltools.gnu-tools-for-stm32.13.3.rel1.win32_1.0.0.202411081344/tools/bin/../lib/gcc/arm-none-eabi/13.3.1/../../../../arm-none-eabi/lib/thumb/v7e-m/nofp\libc_nano.a
LOAD C:/ST/STM32CubeIDE_1.18.1/STM32CubeIDE/plugins/com.st.stm32cube.ide.mcu.externaltools.gnu-tools-for-stm32.13.3.rel1.win32_1.0.0.202411081344/tools/bin/../lib/gcc/arm-none-eabi/13.3.1/../../../../arm-none-eabi/lib/thumb/v7e-m/nofp\libnosys.a
END GROUP
START GROUP
LOAD C:/ST/STM32CubeIDE_1.18.1/STM32CubeIDE/plugins/com.st.stm32cube.ide.mcu.externaltools.gnu-tools-for-stm32.13.3.rel1.win32_1.0.0.202411081344/tools/bin/../lib/gcc/arm-none-eabi/13.3.1/thumb/v7e-m/nofp\libgcc.a
LOAD C:/ST/STM32CubeIDE_1.18.1/STM32CubeIDE/plugins/com.st.stm32cube.ide.mcu.externaltools.gnu-tools-for-stm32.13.3.rel1.win32_1.0.0.202411081344/tools/bin/../lib/gcc/arm-none-eabi/13.3.1/../../../../arm-none-eabi/lib/thumb/v7e-m/nofp\libc_nano.a
LOAD C:/ST/STM32CubeIDE_1.18.1/STM32CubeIDE/plugins/com.st.stm32cube.ide.mcu.externaltools.gnu-tools-for-stm32.13.3.rel1.win32_1.0.0.202411081344/tools/bin/../lib/gcc/arm-none-eabi/13.3.1/../../../../arm-none-eabi/lib/thumb/v7e-m/nofp\libnosys.a
END GROUP
LOAD C:/ST/STM32CubeIDE_1.18.1/STM32CubeIDE/plugins/com.st.stm32cube.ide.mcu.externaltools.gnu-tools-for-stm32.13.3.rel1.win32_1.0.0.202411081344/tools/bin/../lib/gcc/arm-none-eabi/13.3.1/thumb/v7e-m/nofp/crtend.o
LOAD C:/ST/STM32CubeIDE_1.18.1/STM32CubeIDE/plugins/com.st.stm32cube.ide.mcu.externaltools.gnu-tools-for-stm32.13.3.rel1.win32_1.0.0.202411081344/tools/bin/../lib/gcc/arm-none-eabi/13.3.1/thumb/v7e-m/nofp/crtn.o
                0x20018000                        _estack = (ORIGIN (RAM) + LENGTH (RAM))
                0x00000200                        _Min_Heap_Size = 0x200
                0x00000400                        _Min_Stack_Size = 0x400

.isr_vector     0x08000000      0x194
                0x08000000                        . = ALIGN (0x4)
 *(.isr_vector)
 .isr_vector    0x08000000      0x194 ./Startup/startup_stm32f401retx.o
                0x08000000                g_pfnVectors
                0x08000194                        . = ALIGN (0x4)

.text           0x08000194      0x768
                0x08000194                        . = ALIGN (0x4)
 *(.text)
 .text          0x08000194       0x40 C:/ST/STM32CubeIDE_1.18.1/STM32CubeIDE/plugins/com.st.stm32cube.ide.mcu.externaltools.gnu-tools-for-stm32.13.3.rel1.win32_1.0.0.202411081344/tools/bin/../lib/gcc/arm-none-eabi/13.3.1/thumb/v7e-m/nofp/crtbegin.o
 *(.text*)
 .text.GPIO_PeriClockControl
                0x080001d4      0x140 ./Drivers/Src/stm32f401xx_gpio_driver.o
                0x080001d4                GPIO_PeriClockControl
 .text.GPIO_Init
                0x08000314      0x340 ./Drivers/Src/stm32f401xx_gpio_driver.o
                0x08000314                GPIO_Init
 .text.GPIO_ToggleOutputPin
                0x08000654       0x28 ./Drivers/Src/stm32f401xx_gpio_driver.o
                0x08000654                GPIO_ToggleOutputPin
 .text.GPIO_IRQInterruptConfig
                0x0800067c      0x108 ./Drivers/Src/stm32f401xx_gpio_driver.o
                0x0800067c                GPIO_IRQInterruptConfig
 .text.GPIO_IRQHandling
                0x08000784       0x40 ./Drivers/Src/stm32f401xx_gpio_driver.o
                0x08000784                GPIO_IRQHandling
 .text.main     0x080007c4       0x68 ./Src/Gpioint.o
                0x080007c4                main
 .text.EXTI15_10_IRQHandler
                0x0800082c       0x1c ./Src/Gpioint.o
                0x0800082c                EXTI15_10_IRQHandler
 .text.Reset_Handler
                0x08000848       0x50 ./Startup/startup_stm32f401retx.o
                0x08000848                Reset_Handler
 .text.Default_Handler
                0x08000898        0x2 ./Startup/startup_stm32f401retx.o
                0x08000898                EXTI2_IRQHandler
                0x08000898                DebugMon_Handler
                0x08000898                SPI4_IRQHandler
                0x08000898                TIM1_CC_IRQHandler
                0x08000898                DMA2_Stream5_IRQHandler
                0x08000898                HardFault_Handler
                0x08000898                DMA1_Stream5_IRQHandler
                0x08000898                SysTick_Handler
                0x08000898                SDIO_IRQHandler
                0x08000898                TAMP_STAMP_IRQHandler
                0x08000898                PendSV_Handler
                0x08000898                NMI_Handler
                0x08000898                EXTI3_IRQHandler
                0x08000898                TIM1_UP_TIM10_IRQHandler
                0x08000898                I2C3_ER_IRQHandler
                0x08000898                EXTI18_OTG_FS_WKUP_IRQHandler
                0x08000898                EXTI0_IRQHandler
                0x08000898                I2C2_EV_IRQHandler
                0x08000898                DMA1_Stream2_IRQHandler
                0x08000898                UsageFault_Handler
                0x08000898                DMA2_Stream2_IRQHandler
                0x08000898                SPI1_IRQHandler
                0x08000898                TIM1_BRK_TIM9_IRQHandler
                0x08000898                DMA2_Stream3_IRQHandler
                0x08000898                USART6_IRQHandler
                0x08000898                DMA2_Stream0_IRQHandler
                0x08000898                TIM4_IRQHandler
                0x08000898                I2C1_EV_IRQHandler
                0x08000898                DMA1_Stream6_IRQHandler
                0x08000898                DMA1_Stream1_IRQHandler
                0x08000898                TIM3_IRQHandler
                0x08000898                RCC_IRQHandler
                0x08000898                Default_Handler
                0x08000898                ADC_IRQHandler
                0x08000898                DMA1_Stream7_IRQHandler
                0x08000898                TIM5_IRQHandler
                0x08000898                DMA2_Stream7_IRQHandler
                0x08000898                I2C3_EV_IRQHandler
                0x08000898                EXTI9_5_IRQHandler
                0x08000898                SPI2_IRQHandler
                0x08000898                MemManage_Handler
                0x08000898                DMA1_Stream0_IRQHandler
                0x08000898                SVC_Handler
                0x08000898                EXTI4_IRQHandler
                0x08000898                EXTI22_RTC_WKUP_IRQHandler
                0x08000898                TIM2_IRQHandler
                0x08000898                EXTI16_PVD_IRQHandler
                0x08000898                TIM1_TRG_COM_TIM11_IRQHandler
                0x08000898                EXTI1_IRQHandler
                0x08000898                EXTI17_RTC_Alarm_IRQHandler
                0x08000898                USART2_IRQHandler
                0x08000898                I2C2_ER_IRQHandler
                0x08000898                DMA2_Stream1_IRQHandler
                0x08000898                FLASH_IRQHandler
                0x08000898                DMA2_Stream4_IRQHandler
                0x08000898                BusFault_Handler
                0x08000898                USART1_IRQHandler
                0x08000898                OTG_FS_IRQHandler
                0x08000898                SPI3_IRQHandler
                0x08000898                DMA1_Stream4_IRQHandler
                0x08000898                I2C1_ER_IRQHandler
                0x08000898                DMA2_Stream6_IRQHandler
                0x08000898                DMA1_Stream3_IRQHandler
 *fill*         0x0800089a        0x2 
 .text.__libc_init_array
                0x0800089c       0x48 C:/ST/STM32CubeIDE_1.18.1/STM32CubeIDE/plugins/com.st.stm32cube.ide.mcu.externaltools.gnu-tools-for-stm32.13.3.rel1.win32_1.0.0.202411081344/tools/bin/../lib/gcc/arm-none-eabi/13.3.1/../../../../arm-none-eabi/lib/thumb/v7e-m/nofp\libc_nano.a(libc_a-init.o)
                0x0800089c                __libc_init_array
 *(.glue_7)
 .glue_7        0x080008e4        0x0 linker stubs
 *(.glue_7t)
 .glue_7t       0x080008e4        0x0 linker stubs
 *(.eh_frame)
 .eh_frame      0x080008e4        0x0 C:/ST/STM32CubeIDE_1.18.1/STM32CubeIDE/plugins/com.st.stm32cube.ide.mcu.externaltools.gnu-tools-for-stm32.13.3.rel1.win32_1.0.0.202411081344/tools/bin/../lib/gcc/arm-none-eabi/13.3.1/thumb/v7e-m/nofp/crtbegin.o
 *(.init)
 .init          0x080008e4        0x4 C:/ST/STM32CubeIDE_1.18.1/STM32CubeIDE/plugins/com.st.stm32cube.ide.mcu.externaltools.gnu-tools-for-stm32.13.3.rel1.win32_1.0.0.202411081344/tools/bin/../lib/gcc/arm-none-eabi/13.3.1/thumb/v7e-m/nofp/crti.o
                0x080008e4                _init
 .init          0x080008e8        0x8 C:/ST/STM32CubeIDE_1.18.1/STM32CubeIDE/plugins/com.st.stm32cube.ide.mcu.externaltools.gnu-tools-for-stm32.13.3.rel1.win32_1.0.0.202411081344/tools/bin/../lib/gcc/arm-none-eabi/13.3.1/thumb/v7e-m/nofp/crtn.o
 *(.fini)
 .fini          0x080008f0        0x4 C:/ST/STM32CubeIDE_1.18.1/STM32CubeIDE/plugins/com.st.stm32cube.ide.mcu.externaltools.gnu-tools-for-stm32.13.3.rel1.win32_1.0.0.202411081344/tools/bin/../lib/gcc/arm-none-eabi/13.3.1/thumb/v7e-m/nofp/crti.o
                0x080008f0                _fini
 .fini          0x080008f4        0x8 C:/ST/STM32CubeIDE_1.18.1/STM32CubeIDE/plugins/com.st.stm32cube.ide.mcu.externaltools.gnu-tools-for-stm32.13.3.rel1.win32_1.0.0.202411081344/tools/bin/../lib/gcc/arm-none-eabi/13.3.1/thumb/v7e-m/nofp/crtn.o
                0x080008fc                        . = ALIGN (0x4)
                0x080008fc                        _etext = .

.vfp11_veneer   0x080008fc        0x0
 .vfp11_veneer  0x080008fc        0x0 linker stubs

.v4_bx          0x080008fc        0x0
 .v4_bx         0x080008fc        0x0 linker stubs

.iplt           0x080008fc        0x0
 .iplt          0x080008fc        0x0 C:/ST/STM32CubeIDE_1.18.1/STM32CubeIDE/plugins/com.st.stm32cube.ide.mcu.externaltools.gnu-tools-for-stm32.13.3.rel1.win32_1.0.0.202411081344/tools/bin/../lib/gcc/arm-none-eabi/13.3.1/thumb/v7e-m/nofp/crtbegin.o

.rodata         0x080008fc        0x0
                0x080008fc                        . = ALIGN (0x4)
 *(.rodata)
 *(.rodata*)
                0x080008fc                        . = ALIGN (0x4)

.ARM.extab      0x080008fc        0x0
                0x080008fc                        . = ALIGN (0x4)
 *(.ARM.extab* .gnu.linkonce.armextab.*)
                0x080008fc                        . = ALIGN (0x4)

.ARM            0x080008fc        0x0
                0x080008fc                        . = ALIGN (0x4)
                0x080008fc                        __exidx_start = .
 *(.ARM.exidx*)
                0x080008fc                        __exidx_end = .
                0x080008fc                        . = ALIGN (0x4)

.preinit_array  0x080008fc        0x0
                0x080008fc                        . = ALIGN (0x4)
                0x080008fc                        PROVIDE (__preinit_array_start = .)
 *(.preinit_array*)
                0x080008fc                        PROVIDE (__preinit_array_end = .)
                0x080008fc                        . = ALIGN (0x4)

.init_array     0x080008fc        0x4
                0x080008fc                        . = ALIGN (0x4)
                0x080008fc                        PROVIDE (__init_array_start = .)
 *(SORT_BY_NAME(.init_array.*))
 *(.init_array*)
 .init_array    0x080008fc        0x4 C:/ST/STM32CubeIDE_1.18.1/STM32CubeIDE/plugins/com.st.stm32cube.ide.mcu.externaltools.gnu-tools-for-stm32.13.3.rel1.win32_1.0.0.202411081344/tools/bin/../lib/gcc/arm-none-eabi/13.3.1/thumb/v7e-m/nofp/crtbegin.o
                0x08000900                        PROVIDE (__init_array_end = .)
                0x08000900                        . = ALIGN (0x4)

.fini_array     0x08000900        0x4
                0x08000900                        . = ALIGN (0x4)
                [!provide]                        PROVIDE (__fini_array_start = .)
 *(SORT_BY_NAME(.fini_array.*))
 *(.fini_array*)
 .fini_array    0x08000900        0x4 C:/ST/STM32CubeIDE_1.18.1/STM32CubeIDE/plugins/com.st.stm32cube.ide.mcu.externaltools.gnu-tools-for-stm32.13.3.rel1.win32_1.0.0.202411081344/tools/bin/../lib/gcc/arm-none-eabi/13.3.1/thumb/v7e-m/nofp/crtbegin.o
                [!provide]                        PROVIDE (__fini_array_end = .)
                0x08000904                        . = ALIGN (0x4)
                0x08000904                        _sidata = LOADADDR (.data)

.rel.dyn        0x08000904        0x0
 .rel.iplt      0x08000904        0x0 C:/ST/STM32CubeIDE_1.18.1/STM32CubeIDE/plugins/com.st.stm32cube.ide.mcu.externaltools.gnu-tools-for-stm32.13.3.rel1.win32_1.0.0.202411081344/tools/bin/../lib/gcc/arm-none-eabi/13.3.1/thumb/v7e-m/nofp/crtbegin.o

.data           0x20000000        0x0 load address 0x08000904
                0x20000000                        . = ALIGN (0x4)
                0x20000000                        _sdata = .
 *(.data)
 *(.data*)
 *(.RamFunc)
 *(.RamFunc*)
                0x20000000                        . = ALIGN (0x4)
                0x20000000                        _edata = .

.igot.plt       0x20000000        0x0 load address 0x08000904
 .igot.plt      0x20000000        0x0 C:/ST/STM32CubeIDE_1.18.1/STM32CubeIDE/plugins/com.st.stm32cube.ide.mcu.externaltools.gnu-tools-for-stm32.13.3.rel1.win32_1.0.0.202411081344/tools/bin/../lib/gcc/arm-none-eabi/13.3.1/thumb/v7e-m/nofp/crtbegin.o
                0x20000000                        . = ALIGN (0x4)

.bss            0x20000000       0x1c load address 0x08000904
                0x20000000                        _sbss = .
                0x20000000                        __bss_start__ = _sbss
 *(.bss)
 .bss           0x20000000       0x1c C:/ST/STM32CubeIDE_1.18.1/STM32CubeIDE/plugins/com.st.stm32cube.ide.mcu.externaltools.gnu-tools-for-stm32.13.3.rel1.win32_1.0.0.202411081344/tools/bin/../lib/gcc/arm-none-eabi/13.3.1/thumb/v7e-m/nofp/crtbegin.o
 *(.bss*)
 *(COMMON)
                0x2000001c                        . = ALIGN (0x4)
                0x2000001c                        _ebss = .
                0x2000001c                        __bss_end__ = _ebss

._user_heap_stack
                0x2000001c      0x604 load address 0x08000904
                0x20000020                        . = ALIGN (0x8)
 *fill*         0x2000001c        0x4 
                [!provide]                        PROVIDE (end = .)
                0x20000020                        PROVIDE (_end = .)
                0x20000220                        . = (. + _Min_Heap_Size)
 *fill*         0x20000020      0x200 
                0x20000620                        . = (. + _Min_Stack_Size)
 *fill*         0x20000220      0x400 
                0x20000620                        . = ALIGN (0x8)

/DISCARD/
 libc.a(*)
 libm.a(*)
 libgcc.a(*)

.ARM.attributes
                0x00000000       0x2a
 *(.ARM.attributes)
 .ARM.attributes
                0x00000000       0x1e C:/ST/STM32CubeIDE_1.18.1/STM32CubeIDE/plugins/com.st.stm32cube.ide.mcu.externaltools.gnu-tools-for-stm32.13.3.rel1.win32_1.0.0.202411081344/tools/bin/../lib/gcc/arm-none-eabi/13.3.1/thumb/v7e-m/nofp/crti.o
 .ARM.attributes
                0x0000001e       0x2e C:/ST/STM32CubeIDE_1.18.1/STM32CubeIDE/plugins/com.st.stm32cube.ide.mcu.externaltools.gnu-tools-for-stm32.13.3.rel1.win32_1.0.0.202411081344/tools/bin/../lib/gcc/arm-none-eabi/13.3.1/thumb/v7e-m/nofp/crtbegin.o
 .ARM.attributes
                0x0000004c       0x2e ./Drivers/Src/stm32f401xx_gpio_driver.o
 .ARM.attributes
                0x0000007a       0x2e ./Src/Gpioint.o
 .ARM.attributes
                0x000000a8       0x21 ./Startup/startup_stm32f401retx.o
 .ARM.attributes
                0x000000c9       0x2e C:/ST/STM32CubeIDE_1.18.1/STM32CubeIDE/plugins/com.st.stm32cube.ide.mcu.externaltools.gnu-tools-for-stm32.13.3.rel1.win32_1.0.0.202411081344/tools/bin/../lib/gcc/arm-none-eabi/13.3.1/../../../../arm-none-eabi/lib/thumb/v7e-m/nofp\libc_nano.a(libc_a-init.o)
 .ARM.attributes
                0x000000f7       0x1e C:/ST/STM32CubeIDE_1.18.1/STM32CubeIDE/plugins/com.st.stm32cube.ide.mcu.externaltools.gnu-tools-for-stm32.13.3.rel1.win32_1.0.0.202411081344/tools/bin/../lib/gcc/arm-none-eabi/13.3.1/thumb/v7e-m/nofp/crtn.o
OUTPUT(DriverDev.elf elf32-littlearm)
LOAD linker stubs
LOAD C:/ST/STM32CubeIDE_1.18.1/STM32CubeIDE/plugins/com.st.stm32cube.ide.mcu.externaltools.gnu-tools-for-stm32.13.3.rel1.win32_1.0.0.202411081344/tools/bin/../lib/gcc/arm-none-eabi/13.3.1/../../../../arm-none-eabi/lib/thumb/v7e-m/nofp\libc.a
LOAD C:/ST/STM32CubeIDE_1.18.1/STM32CubeIDE/plugins/com.st.stm32cube.ide.mcu.externaltools.gnu-tools-for-stm32.13.3.rel1.win32_1.0.0.202411081344/tools/bin/../lib/gcc/arm-none-eabi/13.3.1/../../../../arm-none-eabi/lib/thumb/v7e-m/nofp\libm.a
LOAD C:/ST/STM32CubeIDE_1.18.1/STM32CubeIDE/plugins/com.st.stm32cube.ide.mcu.externaltools.gnu-tools-for-stm32.13.3.rel1.win32_1.0.0.202411081344/tools/bin/../lib/gcc/arm-none-eabi/13.3.1/thumb/v7e-m/nofp\libgcc.a

.debug_info     0x00000000      0x9cb
 .debug_info    0x00000000      0x710 ./Drivers/Src/stm32f401xx_gpio_driver.o
 .debug_info    0x00000710      0x28b ./Src/Gpioint.o
 .debug_info    0x0000099b       0x30 ./Startup/startup_stm32f401retx.o

.debug_abbrev   0x00000000      0x2da
 .debug_abbrev  0x00000000      0x1bf ./Drivers/Src/stm32f401xx_gpio_driver.o
 .debug_abbrev  0x000001bf       0xf7 ./Src/Gpioint.o
 .debug_abbrev  0x000002b6       0x24 ./Startup/startup_stm32f401retx.o

.debug_aranges  0x00000000       0xb8
 .debug_aranges
                0x00000000       0x68 ./Drivers/Src/stm32f401xx_gpio_driver.o
 .debug_aranges
                0x00000068       0x28 ./Src/Gpioint.o
 .debug_aranges
                0x00000090       0x28 ./Startup/startup_stm32f401retx.o

.debug_rnglists
                0x00000000       0x7f
 .debug_rnglists
                0x00000000       0x4d ./Drivers/Src/stm32f401xx_gpio_driver.o
 .debug_rnglists
                0x0000004d       0x19 ./Src/Gpioint.o
 .debug_rnglists
                0x00000066       0x19 ./Startup/startup_stm32f401retx.o

.debug_macro    0x00000000     0x160e
 .debug_macro   0x00000000      0x152 ./Drivers/Src/stm32f401xx_gpio_driver.o
 .debug_macro   0x00000152       0x22 ./Drivers/Src/stm32f401xx_gpio_driver.o
 .debug_macro   0x00000174       0x5b ./Drivers/Src/stm32f401xx_gpio_driver.o
 .debug_macro   0x000001cf       0x24 ./Drivers/Src/stm32f401xx_gpio_driver.o
 .debug_macro   0x000001f3       0x94 ./Drivers/Src/stm32f401xx_gpio_driver.o
 .debug_macro   0x00000287       0x43 ./Drivers/Src/stm32f401xx_gpio_driver.o
 .debug_macro   0x000002ca       0x34 ./Drivers/Src/stm32f401xx_gpio_driver.o
 .debug_macro   0x000002fe       0x16 ./Drivers/Src/stm32f401xx_gpio_driver.o
 .debug_macro   0x00000314       0x57 ./Drivers/Src/stm32f401xx_gpio_driver.o
 .debug_macro   0x0000036b       0x9e ./Drivers/Src/stm32f401xx_gpio_driver.o
 .debug_macro   0x00000409      0x370 ./Drivers/Src/stm32f401xx_gpio_driver.o
 .debug_macro   0x00000779      0x112 ./Drivers/Src/stm32f401xx_gpio_driver.o
 .debug_macro   0x0000088b       0x10 ./Drivers/Src/stm32f401xx_gpio_driver.o
 .debug_macro   0x0000089b       0x16 ./Drivers/Src/stm32f401xx_gpio_driver.o
 .debug_macro   0x000008b1       0x4a ./Drivers/Src/stm32f401xx_gpio_driver.o
 .debug_macro   0x000008fb       0x34 ./Drivers/Src/stm32f401xx_gpio_driver.o
 .debug_macro   0x0000092f       0x10 ./Drivers/Src/stm32f401xx_gpio_driver.o
 .debug_macro   0x0000093f       0x58 ./Drivers/Src/stm32f401xx_gpio_driver.o
 .debug_macro   0x00000997       0x8e ./Drivers/Src/stm32f401xx_gpio_driver.o
 .debug_macro   0x00000a25       0x1c ./Drivers/Src/stm32f401xx_gpio_driver.o
 .debug_macro   0x00000a41      0x185 ./Drivers/Src/stm32f401xx_gpio_driver.o
 .debug_macro   0x00000bc6       0x16 ./Drivers/Src/stm32f401xx_gpio_driver.o
 .debug_macro   0x00000bdc       0x16 ./Drivers/Src/stm32f401xx_gpio_driver.o
 .debug_macro   0x00000bf2      0x146 ./Drivers/Src/stm32f401xx_gpio_driver.o
 .debug_macro   0x00000d38      0x103 ./Drivers/Src/stm32f401xx_gpio_driver.o
 .debug_macro   0x00000e3b       0x6a ./Drivers/Src/stm32f401xx_gpio_driver.o
 .debug_macro   0x00000ea5      0x1df ./Drivers/Src/stm32f401xx_gpio_driver.o
 .debug_macro   0x00001084      0x364 ./Drivers/Src/stm32f401xx_gpio_driver.o
 .debug_macro   0x000013e8       0xd0 ./Drivers/Src/stm32f401xx_gpio_driver.o
 .debug_macro   0x000014b8      0x156 ./Src/Gpioint.o

.debug_line     0x00000000     0x1150
 .debug_line    0x00000000      0xace ./Drivers/Src/stm32f401xx_gpio_driver.o
 .debug_line    0x00000ace      0x607 ./Src/Gpioint.o
 .debug_line    0x000010d5       0x7b ./Startup/startup_stm32f401retx.o

.debug_str      0x00000000     0x9306
 .debug_str     0x00000000     0x9306 ./Drivers/Src/stm32f401xx_gpio_driver.o
                               0x9491 (size before relaxing)
 .debug_str     0x00009306     0x920b ./Src/Gpioint.o
 .debug_str     0x00009306       0x7d ./Startup/startup_stm32f401retx.o

.comment        0x00000000       0x43
 .comment       0x00000000       0x43 ./Drivers/Src/stm32f401xx_gpio_driver.o
                                 0x44 (size before relaxing)
 .comment       0x00000043       0x44 ./Src/Gpioint.o

.debug_frame    0x00000000      0x218
 .debug_frame   0x00000000      0x1a0 ./Drivers/Src/stm32f401xx_gpio_driver.o
 .debug_frame   0x000001a0       0x4c ./Src/Gpioint.o
 .debug_frame   0x000001ec       0x2c C:/ST/STM32CubeIDE_1.18.1/STM32CubeIDE/plugins/com.st.stm32cube.ide.mcu.externaltools.gnu-tools-for-stm32.13.3.rel1.win32_1.0.0.202411081344/tools/bin/../lib/gcc/arm-none-eabi/13.3.1/../../../../arm-none-eabi/lib/thumb/v7e-m/nofp\libc_nano.a(libc_a-init.o)

.debug_line_str
                0x00000000       0x61
 .debug_line_str
                0x00000000       0x61 ./Startup/startup_stm32f401retx.o
